[api.saures.ru/doc/1.0/index.html]
[backblue.gif]
[fade.gif]
[index.html]
[api.saures.ru/img/apple-touch-icon.png]
[api.saures.ru/img/favicon-32x32.png]
[api.saures.ru/img/favicon-16x16.png]
[api.saures.ru/styles/documentation.css]
[api.saures.ru/doc/1.0/login.html]
[api.saures.ru/doc/1.0/user/profile.html]
[api.saures.ru/doc/1.0/user/objects.html]
[api.saures.ru/doc/1.0/object/get.html]
[api.saures.ru/doc/1.0/object/meters.html]
[api.saures.ru/doc/1.0/meter/get.html]
[api.saures.ru/doc/1.0/meter/control.html]
[api.saures.ru/doc/1.0/meter/settings.html]
[api.saures.ru/doc/1.0/meter/types.html]
[api.saures.ru/doc/1.0/user/register.html]
[api.saures.ru/doc/1.0/object/add.html]
[api.saures.ru/doc/1.0/object/access.html]
[api.saures.ru/doc/1.0/sensor/add.html]
[api.saures.ru/doc/1.0/sensor/settings.html]
[api.saures.ru/doc/1.0/sensor/battery.html]
[api.saures.ru/doc/1.0/sensor/move.html]
[api.saures.ru/doc/1.0/sensor/clear.html]
[api.saures.ru/doc/1.0/sensor/delete.html]
[api.saures.ru/doc/1.0/meter/save.html]
[api.saures.ru/doc/1.0/object/journal.html]
[api.saures.ru/doc/1.0/object/tariffs.html]
[api.saures.ru/doc/1.0/object/services.html]
[api.saures.ru/doc/1.0/payment/create.html]
[api.saures.ru/doc/1.0/object/transactions.html]
[api.saures.ru/doc/1.0/object/schedule.html]
[api.saures.ru/doc/1.0/schedule/templates.html]
[api.saures.ru/doc/1.0/schedule/template.html]
[api.saures.ru/doc/1.0/object/notice.html]
[api.saures.ru/js/jquery.min.js]
[api.saures.ru/js/popper.min.js]
[api.saures.ru/js/bootstrap.min.js]
[api.saures.ru/js/jquery.slimscroll.js]
[api.saures.ru/js/jquery.toast.js]
[api.saures.ru/js/waves.js]
[api.saures.ru/js/admin.sidebarmenu.js]
[api.saures.ru/js/sticky-kit.min.js]
[api.saures.ru/js/admin.min.js]
[api.saures.ru/doc/1.0/index.html]
[api.saures.ru/img/custom-select.png]
[api.saures.ru/assets/images/background/error-bg.jpg]
[api.saures.ru/styles/documentation.css]
[api.saures.ru/doc/1.0/login.html]
[api.saures.ru/doc/1.0/user/profile.html]
[api.saures.ru/doc/1.0/user/objects.html]
[api.saures.ru/doc/1.0/object/get.html]
[api.saures.ru/doc/1.0/object/meters.html]
[api.saures.ru/doc/1.0/meter/get.html]
[api.saures.ru/doc/1.0/meter/control.html]
[api.saures.ru/doc/1.0/meter/settings.html]
[api.saures.ru/doc/1.0/meter/types.html]
[api.saures.ru/doc/1.0/user/register.html]
[api.saures.ru/doc/1.0/object/add.html]
[api.saures.ru/doc/1.0/object/access.html]
[api.saures.ru/doc/1.0/sensor/add.html]
[api.saures.ru/doc/1.0/sensor/settings.html]
[api.saures.ru/doc/1.0/sensor/battery.html]
[api.saures.ru/doc/1.0/sensor/move.html]
[api.saures.ru/doc/1.0/sensor/clear.html]
[api.saures.ru/doc/1.0/sensor/delete.html]
[api.saures.ru/doc/1.0/meter/save.html]
[api.saures.ru/doc/1.0/object/journal.html]
[api.saures.ru/doc/1.0/object/tariffs.html]
[api.saures.ru/doc/1.0/object/services.html]
[api.saures.ru/doc/1.0/payment/create.html]
[api.saures.ru/doc/1.0/object/transactions.html]
[api.saures.ru/doc/1.0/template-syntax.html]
[api.saures.ru/doc/1.0/object/doc/1.0/object-schedule.html]
[api.saures.ru/doc/1.0/object/schedule.html]
[api.saures.ru/doc/1.0/schedule/templates.html]
[api.saures.ru/doc/1.0/schedule/template.html]
[api.saures.ru/doc/1.0/object/notice.html]
[www.googletagmanager.com/gtm5445.html]
[api.saures.ru/assets/images/background/error-bg.html]
[api.saures.ru/doc/1.0/template-syntax.html]
[api.saures.ru/doc/1.0/object/doc/1.0/object-schedule.html]
